// Jest Snapshot v1, https://goo.gl/fbAQLP

exports[`App component should match snapshot 1`] = `
<div>
  <div>
    <div
      class="navigation"
      data-testid="navigation"
    >
      <div>
        <a
          class="navigation-links"
          href="/"
        >
          E-Shopper
        </a>
      </div>
      <div>
        <button
          type="button"
        >
           Change Theme
        </button>
      </div>
      <div
        class="order-nav"
      >
        <div>
          <a
            class="navigation-links"
            href="/allOrders"
          >
            All Orders
          </a>
        </div>
        <div>
          <a
            class="navigation-links"
            href="/cart"
          >
            My Basket :
            0
          </a>
        </div>
      </div>
    </div>
    <div
      class="product-container"
      data-testid="product-list"
    >
      <div
        class="product-type"
      >
        Fruits & Vegatables
      </div>
      <div
        class="product-list"
      >
        <div
          class="product"
          data-testid="product-test"
        >
          <div
            class="product-image-div"
          >
            <img
              alt="image of grapes"
              class="product-image"
              data-testid="product-img"
              src="assets/images/grapes.jpeg"
            />
          </div>
          <p>
            Fresco
          </p>
          <p>
            apple
          </p>
          <p>
            1 kg
          </p>
          <div
            class="quantity-placard"
          >
            <p>
              MRP
               
              120
              /-
            </p>
            <div
              class="quantity-control"
              data-testid="quantity-control"
            >
              <p>
                <button
                  class="control-button"
                  type="button"
                >
                  +
                </button>
              </p>
              <p
                class="quantity-in-basket"
              >
                0
                 
                in Basket
              </p>
              <p>
                <button
                  class="control-button"
                  type="button"
                >
                  -
                </button>
              </p>
            </div>
          </div>
        </div>
        <div
          class="product"
          data-testid="product-test"
        >
          <div
            class="product-image-div"
          >
            <img
              alt="image of grapes"
              class="product-image"
              data-testid="product-img"
              src="assets/images/grapes.jpeg"
            />
          </div>
          <p>
            Fresco
          </p>
          <p>
            grapes
          </p>
          <p>
            1 kg
          </p>
          <div
            class="quantity-placard"
          >
            <p>
              MRP
               
              50
              /-
            </p>
            <div
              class="quantity-control"
              data-testid="quantity-control"
            >
              <p>
                <button
                  class="control-button"
                  type="button"
                >
                  +
                </button>
              </p>
              <p
                class="quantity-in-basket"
              >
                0
                 
                in Basket
              </p>
              <p>
                <button
                  class="control-button"
                  type="button"
                >
                  -
                </button>
              </p>
            </div>
          </div>
        </div>
        <div
          class="product"
          data-testid="product-test"
        >
          <div
            class="product-image-div"
          >
            <img
              alt="image of grapes"
              class="product-image"
              data-testid="product-img"
              src="assets/images/grapes.jpeg"
            />
          </div>
          <p>
            Fresco
          </p>
          <p>
            banana
          </p>
          <p>
            1 kg
          </p>
          <div
            class="quantity-placard"
          >
            <p>
              MRP
               
              5
              /-
            </p>
            <div
              class="quantity-control"
              data-testid="quantity-control"
            >
              <p>
                <button
                  class="control-button"
                  type="button"
                >
                  +
                </button>
              </p>
              <p
                class="quantity-in-basket"
              >
                0
                 
                in Basket
              </p>
              <p>
                <button
                  class="control-button"
                  type="button"
                >
                  -
                </button>
              </p>
            </div>
          </div>
        </div>
      </div>
    </div>
    <div
      class="product-container"
      data-testid="product-list"
    >
      <div
        class="product-type"
      >
        Household Items
      </div>
      <div
        class="product-list"
      >
        <div
          class="product"
          data-testid="product-test"
        >
          <div
            class="product-image-div"
          >
            <img
              alt="image of grapes"
              class="product-image"
              data-testid="product-img"
              src="assets/images/grapes.jpeg"
            />
          </div>
          <p>
            Fresco
          </p>
          <p>
            table cloth
          </p>
          <p>
            1 kg
          </p>
          <div
            class="quantity-placard"
          >
            <p>
              MRP
               
              200
              /-
            </p>
            <div
              class="quantity-control"
              data-testid="quantity-control"
            >
              <p>
                <button
                  class="control-button"
                  type="button"
                >
                  +
                </button>
              </p>
              <p
                class="quantity-in-basket"
              >
                0
                 
                in Basket
              </p>
              <p>
                <button
                  class="control-button"
                  type="button"
                >
                  -
                </button>
              </p>
            </div>
          </div>
        </div>
        <div
          class="product"
          data-testid="product-test"
        >
          <div
            class="product-image-div"
          >
            <img
              alt="image of grapes"
              class="product-image"
              data-testid="product-img"
              src="assets/images/grapes.jpeg"
            />
          </div>
          <p>
            Fresco
          </p>
          <p>
            duster
          </p>
          <p>
            1 kg
          </p>
          <div
            class="quantity-placard"
          >
            <p>
              MRP
               
              80
              /-
            </p>
            <div
              class="quantity-control"
              data-testid="quantity-control"
            >
              <p>
                <button
                  class="control-button"
                  type="button"
                >
                  +
                </button>
              </p>
              <p
                class="quantity-in-basket"
              >
                0
                 
                in Basket
              </p>
              <p>
                <button
                  class="control-button"
                  type="button"
                >
                  -
                </button>
              </p>
            </div>
          </div>
        </div>
        <div
          class="product"
          data-testid="product-test"
        >
          <div
            class="product-image-div"
          >
            <img
              alt="image of grapes"
              class="product-image"
              data-testid="product-img"
              src="assets/images/grapes.jpeg"
            />
          </div>
          <p>
            Fresco
          </p>
          <p>
            broom
          </p>
          <p>
            1 kg
          </p>
          <div
            class="quantity-placard"
          >
            <p>
              MRP
               
              250
              /-
            </p>
            <div
              class="quantity-control"
              data-testid="quantity-control"
            >
              <p>
                <button
                  class="control-button"
                  type="button"
                >
                  +
                </button>
              </p>
              <p
                class="quantity-in-basket"
              >
                0
                 
                in Basket
              </p>
              <p>
                <button
                  class="control-button"
                  type="button"
                >
                  -
                </button>
              </p>
            </div>
          </div>
        </div>
        <div
          class="out-of-stock"
          data-testid="product-test"
        >
          <div
            class="product-image-div"
          >
            <img
              alt="image of grapes"
              class="product-image"
              data-testid="product-img"
              src="assets/images/grapes.jpeg"
            />
          </div>
          <p>
            Fresco
          </p>
          <p>
            soap
          </p>
          <p>
            1 kg
          </p>
          <div
            class="quantity-placard"
          >
            <p>
              MRP
               
              10
              /-
            </p>
            <p>
              Out of stock
            </p>
          </div>
        </div>
      </div>
    </div>
    <div
      class="product-container"
      data-testid="product-list"
    >
      <div
        class="product-type"
      >
        Dairy & Eggs
      </div>
      <div
        class="product-list"
      >
        <div
          class="product"
          data-testid="product-test"
        >
          <div
            class="product-image-div"
          >
            <img
              alt="image of grapes"
              class="product-image"
              data-testid="product-img"
              src="assets/images/grapes.jpeg"
            />
          </div>
          <p>
            Fresco
          </p>
          <p>
            milk
          </p>
          <p>
            1 kg
          </p>
          <div
            class="quantity-placard"
          >
            <p>
              MRP
               
              10
              /-
            </p>
            <div
              class="quantity-control"
              data-testid="quantity-control"
            >
              <p>
                <button
                  class="control-button"
                  type="button"
                >
                  +
                </button>
              </p>
              <p
                class="quantity-in-basket"
              >
                0
                 
                in Basket
              </p>
              <p>
                <button
                  class="control-button"
                  type="button"
                >
                  -
                </button>
              </p>
            </div>
          </div>
        </div>
        <div
          class="product"
          data-testid="product-test"
        >
          <div
            class="product-image-div"
          >
            <img
              alt="image of grapes"
              class="product-image"
              data-testid="product-img"
              src="assets/images/grapes.jpeg"
            />
          </div>
          <p>
            Fresco
          </p>
          <p>
            butter
          </p>
          <p>
            1 kg
          </p>
          <div
            class="quantity-placard"
          >
            <p>
              MRP
               
              20
              /-
            </p>
            <div
              class="quantity-control"
              data-testid="quantity-control"
            >
              <p>
                <button
                  class="control-button"
                  type="button"
                >
                  +
                </button>
              </p>
              <p
                class="quantity-in-basket"
              >
                0
                 
                in Basket
              </p>
              <p>
                <button
                  class="control-button"
                  type="button"
                >
                  -
                </button>
              </p>
            </div>
          </div>
        </div>
        <div
          class="product"
          data-testid="product-test"
        >
          <div
            class="product-image-div"
          >
            <img
              alt="image of grapes"
              class="product-image"
              data-testid="product-img"
              src="assets/images/grapes.jpeg"
            />
          </div>
          <p>
            Fresco
          </p>
          <p>
            curd
          </p>
          <p>
            1 kg
          </p>
          <div
            class="quantity-placard"
          >
            <p>
              MRP
               
              20
              /-
            </p>
            <div
              class="quantity-control"
              data-testid="quantity-control"
            >
              <p>
                <button
                  class="control-button"
                  type="button"
                >
                  +
                </button>
              </p>
              <p
                class="quantity-in-basket"
              >
                0
                 
                in Basket
              </p>
              <p>
                <button
                  class="control-button"
                  type="button"
                >
                  -
                </button>
              </p>
            </div>
          </div>
        </div>
      </div>
    </div>
  </div>
</div>
`;
